-1.35001
0.0239196
-1.58525
0.02045
-1.90993
0.0202576
-2.28536
0.0191527
-2.65853
0.0281176
-3.04836
0.0168175
-3.08993
0.019879
-3.30378
0.0219266
-3.38568
0.0256594
-3.37687
0.0112341
-3.37454
0.00775829
