-3.28326
0.00637519
-3.3971
0.00468849
-3.68274
0.00796244
-4.05985
0.00915113
-4.23886
0.0077325
-4.59039
0.010493
-4.86509
0.00992078
-5.07084
0.0076268
-5.21341
0.00611547
-5.23962
0.00500746
