-3.27001
0.00682591
-3.27456
0.00646581
-3.29842
0.00701692
-3.36401
0.00590533
-3.51447
0.00848929
-3.70798
0.00786205
-3.87987
0.00631414
-3.94265
0.00795656
-3.95738
0.00629809
-3.96828
0.00459597
-3.95009
0.0073298
