-3.2975
0.00513163
-3.4577
0.00461704
-3.73237
0.00885305
-4.09723
0.00651665
-4.46375
0.00990285
-4.78777
0.00867281
-5.05584
0.00736412
-5.22521
0.00428123
-5.28829
0.00453537
-5.30922
0.00392713
-5.32045
0.00268829
-5.33218
0.00313347
