-3.27802
0.00488702
-3.36778
0.00773774
-3.52764
0.00703584
-3.63119
0.0097735
-3.81318
0.00894613
-3.97284
0.00392993
-4.04839
0.00586423
-4.07925
0.00513175
