-3.29301
0.00519905
-3.47049
0.00664873
-3.75751
0.00752119
-4.12153
0.00785005
-4.44291
0.00772098
-4.70454
0.0078432
-4.94949
0.00639432
-5.12464
0.0066104
-5.24271
0.00383475
-5.29811
0.00477526
-5.32329
0.00187426
-5.32314
0.00353096
-5.33116
0.00269667
