-0.794398
0.00353319
-0.806529
0.00842737
-0.822762
0.0067942
-0.900115
0.0185102
-0.928602
0.00444908
-0.993643
0.00351062
-1.01574
0.00502996
-1.02239
0.0089204
-1.01544
0.00392519
-1.01999
0.00209849
-1.0227
0.0029525
