-0.792791
0.00373426
-0.843814
0.00607568
-0.885541
0.00581726
-0.956784
0.00425078
-1.01594
0.0048146
-1.04662
0.00198755
-1.06607
0.00234367
-1.06546
0.00207528
-1.06809
0.00251948
