-0.797049
0.00506254
-0.846073
0.00693528
-0.91218
0.00475163
-0.965489
0.00316503
-1.01941
0.00442482
-1.04396
0.002426
-1.06769
0.00309978
-1.06602
0.00254801
