-19.1495
0.0107364
-19.3826
0.00582166
-19.4796
0.00617087
-19.5096
0.00818453
-19.54
0.00786992
