-3.27572
0.00683489
-3.34194
0.00738144
-3.59019
0.0100477
-3.93964
0.00852344
-4.33554
0.00862264
-4.6486
0.00925028
-4.90395
0.00428082
-5.11103
0.00611126
-5.2654
0.00421407
-5.29672
0.00408362
-5.31011
0.00254547
-5.31677
0.00365723
