-3.26553
0.0054538
-3.28035
0.00859976
-3.35119
0.0090464
-3.53317
0.00773264
-3.8834
0.00827002
-4.26765
0.00875605
-4.66354
0.00766773
-4.96335
0.00627225
-5.18911
0.00477293
-5.28413
0.00394847
-5.31606
0.00366202
-5.31793
0.00309812
