-3.25517
0.00591883
-3.27146
0.00568033
-3.31859
0.005475
-3.37643
0.0094433
-3.50716
0.0099036
-3.70991
0.0103174
-3.8837
0.00614782
-3.95596
0.00966701
-3.98494
0.00550794
-3.99051
0.00593446
