-3.26117
0.0047293
-3.28068
0.00448373
-3.33239
0.00425702
-3.43954
0.00785548
-3.78181
0.00791735
-4.14965
0.00810176
-4.50708
0.00651147
-4.81968
0.00989862
-5.10635
0.00629768
-5.23852
0.00327118
-5.30791
0.0022843
-5.32681
0.00280618
