-3.26853
0.00495553
-3.28561
0.00655209
-3.34293
0.00736531
-3.52012
0.00729996
-3.79501
0.00695128
-4.18515
0.00697993
-4.53729
0.00700842
-4.83226
0.00778103
-5.10539
0.00635312
-5.17879
0.00448494
-5.29299
0.00346272
-5.32192
0.00315242
