-3.27631
0.00468383
-3.28839
0.00417371
-3.31505
0.0051718
-3.39774
0.00886879
-3.56516
0.00678985
-3.66362
0.00730063
-3.85284
0.00628676
-3.96433
0.00697818
-3.99537
0.00491324
-3.99614
0.00621496
