-3.28627
0.00648247
-3.45637
0.00935128
-3.70075
0.00787745
-4.08524
0.00762966
-4.46674
0.00834239
-4.81446
0.00806463
-5.04039
0.00797825
-5.25092
0.00486283
-5.34103
0.00270436
-5.36979
0.00248455
-5.37351
0.00215952
