-3.26602
0.00493354
-3.39117
0.00680458
-3.64198
0.00753288
-4.00069
0.00710105
-4.40919
0.00730283
-4.76917
0.00613042
-5.03966
0.00582311
-5.16614
0.00519603
-5.29403
0.00300539
-5.36558
0.00203715
-5.37271
0.00289184
-5.3788
0.00202336
