-3.28307
0.00599779
-3.36769
0.00346733
-3.53228
0.0090931
-3.74446
0.00691623
-3.92768
0.00725845
-4.05865
0.00371679
-4.11313
0.00486014
-4.12081
0.00365472
-4.13331
0.00532467
